// Jest Snapshot v1, https://goo.gl/fbAQLP

exports[`appendListBlocks should wrap li blocks with ul block 1`] = `
Array [
  Object {
    "archived": false,
    "callout": Object {
      "icon": Object {
        "emoji": "💡",
        "type": "emoji",
      },
      "text": Array [
        Object {
          "annotations": Object {
            "bold": false,
            "code": false,
            "color": "default",
            "italic": false,
            "strikethrough": false,
            "underline": false,
          },
          "href": null,
          "plain_text": "Optimism, pragmatism, stubbornness, and steady, ceaseless effort",
          "text": Object {
            "content": "Optimism, pragmatism, stubbornness, and steady, ceaseless effort",
            "link": null,
          },
          "type": "text",
        },
      ],
    },
    "created_time": "2021-09-04T18:39:00.000Z",
    "has_children": false,
    "id": "abc1e33d-d9dd-438b-bdfb-672438e634d1",
    "last_edited_time": "2021-09-05T12:25:00.000Z",
    "object": "block",
    "type": "callout",
  },
  Object {
    "archived": false,
    "created_time": "2021-09-05T12:15:00.000Z",
    "has_children": false,
    "id": "63791af8-6406-46e2-ac97-3cb0c39952cb",
    "last_edited_time": "2021-12-26T17:21:00.000Z",
    "object": "block",
    "paragraph": Object {
      "text": Array [
        Object {
          "annotations": Object {
            "bold": false,
            "code": false,
            "color": "default",
            "italic": false,
            "strikethrough": false,
            "underline": false,
          },
          "href": null,
          "plain_text": "Each one of the above characteristics in isolation is futile, maybe even harmful. For example, a stubborn individual is unable to change their beliefs and may end up building a solution to a doomed problem space. By blending stubbornness with pragmatism, one is more likely to pivot when presented with the right signs, thereby minimising wasted time and resources. Pragmatism without optimism leads to constant doubt, a lack of innovation, and not persisting long enough to validate their ideas.",
          "text": Object {
            "content": "Each one of the above characteristics in isolation is futile, maybe even harmful. For example, a stubborn individual is unable to change their beliefs and may end up building a solution to a doomed problem space. By blending stubbornness with pragmatism, one is more likely to pivot when presented with the right signs, thereby minimising wasted time and resources. Pragmatism without optimism leads to constant doubt, a lack of innovation, and not persisting long enough to validate their ideas.",
            "link": null,
          },
          "type": "text",
        },
      ],
    },
    "type": "paragraph",
  },
  Object {
    "bulleted_list": Object {
      "children": Array [
        Object {
          "archived": false,
          "bulleted_list_item": Object {
            "text": Array [
              Object {
                "annotations": Object {
                  "bold": false,
                  "code": false,
                  "color": "default",
                  "italic": false,
                  "strikethrough": false,
                  "underline": false,
                },
                "href": null,
                "plain_text": "Without ",
                "text": Object {
                  "content": "Without ",
                  "link": null,
                },
                "type": "text",
              },
              Object {
                "annotations": Object {
                  "bold": true,
                  "code": false,
                  "color": "default",
                  "italic": true,
                  "strikethrough": false,
                  "underline": false,
                },
                "href": null,
                "plain_text": "optimism",
                "text": Object {
                  "content": "optimism",
                  "link": null,
                },
                "type": "text",
              },
              Object {
                "annotations": Object {
                  "bold": false,
                  "code": false,
                  "color": "default",
                  "italic": false,
                  "strikethrough": false,
                  "underline": false,
                },
                "href": null,
                "plain_text": ", there will be no innovation (think Steve Jobs). You'll have limited resistance to the tough conditions that exist in startups. Despite tons of information provided by zealous pessimists, optimists believe everything will turn out fine. Pessimism is the default state of the human psyche and the easy way out. Optimism takes effort.",
                "text": Object {
                  "content": ", there will be no innovation (think Steve Jobs). You'll have limited resistance to the tough conditions that exist in startups. Despite tons of information provided by zealous pessimists, optimists believe everything will turn out fine. Pessimism is the default state of the human psyche and the easy way out. Optimism takes effort.",
                  "link": null,
                },
                "type": "text",
              },
            ],
          },
          "created_time": "2021-09-04T18:39:00.000Z",
          "has_children": false,
          "id": "5d619639-d854-43c6-9900-836fc1b76758",
          "last_edited_time": "2021-12-26T17:07:00.000Z",
          "object": "block",
          "type": "bulleted_list_item",
        },
        Object {
          "archived": false,
          "bulleted_list_item": Object {
            "text": Array [
              Object {
                "annotations": Object {
                  "bold": true,
                  "code": false,
                  "color": "default",
                  "italic": true,
                  "strikethrough": false,
                  "underline": false,
                },
                "href": null,
                "plain_text": "Pragmatism",
                "text": Object {
                  "content": "Pragmatism",
                  "link": null,
                },
                "type": "text",
              },
              Object {
                "annotations": Object {
                  "bold": false,
                  "code": false,
                  "color": "default",
                  "italic": false,
                  "strikethrough": false,
                  "underline": false,
                },
                "href": null,
                "plain_text": " allows you to constantly shift your belief systems and re-prioritise. Most companies fail because their founders aren't able to prioritise effectively and drop things that aren't suitable for the current state of their business. Pragmatism allows you to battle against the inner perfectionist. An example mindset: \\"Just because something might have good results doesn't mean you should do it.\\" You should consider all aspects of the decision and its corresponding tradeoffs. E.g. \\"Creating an IG account would be good!\\" → \\"It requires us to take our limited resources creating high-quality blog content\\" → \\"Let's do it later.\\"",
                "text": Object {
                  "content": " allows you to constantly shift your belief systems and re-prioritise. Most companies fail because their founders aren't able to prioritise effectively and drop things that aren't suitable for the current state of their business. Pragmatism allows you to battle against the inner perfectionist. An example mindset: \\"Just because something might have good results doesn't mean you should do it.\\" You should consider all aspects of the decision and its corresponding tradeoffs. E.g. \\"Creating an IG account would be good!\\" → \\"It requires us to take our limited resources creating high-quality blog content\\" → \\"Let's do it later.\\"",
                  "link": null,
                },
                "type": "text",
              },
            ],
          },
          "created_time": "2021-09-04T18:39:00.000Z",
          "has_children": false,
          "id": "6721ade9-f06d-4023-baab-b8e4fe2d79bc",
          "last_edited_time": "2021-12-26T17:07:00.000Z",
          "object": "block",
          "type": "bulleted_list_item",
        },
        Object {
          "archived": false,
          "bulleted_list_item": Object {
            "text": Array [
              Object {
                "annotations": Object {
                  "bold": true,
                  "code": false,
                  "color": "default",
                  "italic": true,
                  "strikethrough": false,
                  "underline": false,
                },
                "href": null,
                "plain_text": "Stubbornness",
                "text": Object {
                  "content": "Stubbornness",
                  "link": null,
                },
                "type": "text",
              },
              Object {
                "annotations": Object {
                  "bold": false,
                  "code": false,
                  "color": "default",
                  "italic": false,
                  "strikethrough": false,
                  "underline": false,
                },
                "href": null,
                "plain_text": ": when combined with pragmatism, we have a concise way of saying \\"strong beliefs loosely held\\". As mentioned above, the conditions in an early-stage startup are tough. You will have so much evidence why it won't work. Stubbornness and optimism help to stay grounded while experiencing large amounts of failure.",
                "text": Object {
                  "content": ": when combined with pragmatism, we have a concise way of saying \\"strong beliefs loosely held\\". As mentioned above, the conditions in an early-stage startup are tough. You will have so much evidence why it won't work. Stubbornness and optimism help to stay grounded while experiencing large amounts of failure.",
                  "link": null,
                },
                "type": "text",
              },
            ],
          },
          "created_time": "2021-09-04T18:39:00.000Z",
          "has_children": false,
          "id": "4978c073-4802-403c-90e5-74acd69f0429",
          "last_edited_time": "2021-12-26T17:07:00.000Z",
          "object": "block",
          "type": "bulleted_list_item",
        },
        Object {
          "archived": false,
          "bulleted_list_item": Object {
            "text": Array [
              Object {
                "annotations": Object {
                  "bold": true,
                  "code": false,
                  "color": "default",
                  "italic": true,
                  "strikethrough": false,
                  "underline": false,
                },
                "href": null,
                "plain_text": "Steady, ceaseless effort",
                "text": Object {
                  "content": "Steady, ceaseless effort",
                  "link": null,
                },
                "type": "text",
              },
              Object {
                "annotations": Object {
                  "bold": false,
                  "code": false,
                  "color": "default",
                  "italic": false,
                  "strikethrough": false,
                  "underline": false,
                },
                "href": null,
                "plain_text": ": consistency. Without this, nothing significant happens.",
                "text": Object {
                  "content": ": consistency. Without this, nothing significant happens.",
                  "link": null,
                },
                "type": "text",
              },
            ],
          },
          "created_time": "2021-09-04T18:39:00.000Z",
          "has_children": false,
          "id": "1c41518b-1211-4220-92db-da9dbc9aa7e1",
          "last_edited_time": "2021-12-26T17:07:00.000Z",
          "object": "block",
          "type": "bulleted_list_item",
        },
      ],
    },
    "id": "7960deba-f926-4052-855e-d34e2c538506",
    "type": "bulleted_list",
  },
  Object {
    "archived": false,
    "created_time": "2021-09-04T18:39:00.000Z",
    "has_children": false,
    "id": "c74226e5-07b6-4aa9-820f-2a40efa53b9e",
    "last_edited_time": "2021-12-26T17:21:00.000Z",
    "object": "block",
    "paragraph": Object {
      "text": Array [],
    },
    "type": "paragraph",
  },
  Object {
    "archived": false,
    "created_time": "2021-12-26T17:21:00.000Z",
    "has_children": false,
    "id": "e36e2b26-c8c0-43fd-a4f6-83c6e8a30c14",
    "last_edited_time": "2021-12-26T17:21:00.000Z",
    "object": "block",
    "paragraph": Object {
      "text": Array [],
    },
    "type": "paragraph",
  },
]
`;
